#-----------------------------------------------------------
# Vivado v2023.2 (64-bit)
# SW Build 4029153 on Fri Oct 13 20:13:54 MDT 2023
# IP Build 4028589 on Sat Oct 14 00:45:43 MDT 2023
# SharedData Build 4025554 on Tue Oct 10 17:18:54 MDT 2023
# Start of session at: Tue May 13 11:12:30 2025
# Process ID: 184175
# Current directory: /home/ferpe211/TSEA83-Project/src/work
# Command line: vivado -mode batch -source /courses/TSEA83/bin/build.tcl -notrace -journal vivado_bit.jou -log vivado_bit.log -tclargs bit uprogCPU.vhd mem/uMem.vhd mem/pMem.vhd kbd/kbd_enc.vhd kbd/kbd_mngr.vhd K1.vhd K2.vhd Piezo.vhd GRx.vhd vga/vga_motor.vhd vga/tile_rom.vhd Basys3.xdc
# Log file: /home/ferpe211/TSEA83-Project/src/work/vivado_bit.log
# Journal file: /home/ferpe211/TSEA83-Project/src/work/vivado_bit.jou
# Running On: muxen1-111.ad.liu.se, OS: Linux, CPU Frequency: 2100.000 MHz, CPU Physical cores: 12, Host memory: 16198 MB
#-----------------------------------------------------------
source /courses/TSEA83/bin/build.tcl -notrace

############################################################################
#### Build script 'Version 1.2 - 2024-05-09'

Command: open_checkpoint synth.dcp

Starting open_checkpoint Task

Time (s): cpu = 00:00:00.02 ; elapsed = 00:00:00.02 . Memory (MB): peak = 1485.484 ; gain = 0.000 ; free physical = 2734 ; free virtual = 18654
INFO: [Device 21-403] Loading part xc7a35ticpg236-1L
Netlist sorting complete. Time (s): cpu = 00:00:00 ; elapsed = 00:00:00.01 . Memory (MB): peak = 1852.543 ; gain = 0.000 ; free physical = 2353 ; free virtual = 18273
INFO: [Netlist 29-17] Analyzing 49 Unisim elements for replacement
INFO: [Netlist 29-28] Unisim Transformation completed in 0 CPU seconds
INFO: [Project 1-479] Netlist was created with Vivado 2023.2
INFO: [Project 1-570] Preparing netlist for logic optimization
Read ShapeDB Complete: Time (s): cpu = 00:00:00 ; elapsed = 00:00:00 . Memory (MB): peak = 1916.285 ; gain = 0.000 ; free physical = 2270 ; free virtual = 18191
INFO: [Timing 38-478] Restoring timing data from binary archive.
INFO: [Timing 38-479] Binary timing data restore complete.
INFO: [Project 1-856] Restoring constraints from binary archive.
INFO: [Project 1-853] Binary constraint restore complete.
INFO: [Designutils 20-5722] Start Reading Physical Databases.
Reading placement.
Read Netlist Cache: Time (s): cpu = 00:00:00 ; elapsed = 00:00:00 . Memory (MB): peak = 2374.082 ; gain = 0.000 ; free physical = 1788 ; free virtual = 17704
Reading placer database...
Read Device Cache: Time (s): cpu = 00:00:00 ; elapsed = 00:00:00.01 . Memory (MB): peak = 2374.082 ; gain = 0.000 ; free physical = 1788 ; free virtual = 17704
Read PlaceDB: Time (s): cpu = 00:00:00 ; elapsed = 00:00:00 . Memory (MB): peak = 2374.082 ; gain = 0.000 ; free physical = 1788 ; free virtual = 17704
Read PulsedLatchDB: Time (s): cpu = 00:00:00 ; elapsed = 00:00:00 . Memory (MB): peak = 2374.082 ; gain = 0.000 ; free physical = 1788 ; free virtual = 17704
Reading routing.
Read RouteStorage: Time (s): cpu = 00:00:00 ; elapsed = 00:00:00 . Memory (MB): peak = 2374.082 ; gain = 0.000 ; free physical = 1788 ; free virtual = 17704
Read Physdb Files: Time (s): cpu = 00:00:00.01 ; elapsed = 00:00:00.02 . Memory (MB): peak = 2374.082 ; gain = 0.000 ; free physical = 1788 ; free virtual = 17704
Restored from archive | CPU: 0.030000 secs | Memory: 1.073212 MB |
Finished XDEF File Restore: Time (s): cpu = 00:00:00.03 ; elapsed = 00:00:00.04 . Memory (MB): peak = 2374.082 ; gain = 0.000 ; free physical = 1788 ; free virtual = 17704
Netlist sorting complete. Time (s): cpu = 00:00:00 ; elapsed = 00:00:00 . Memory (MB): peak = 2374.082 ; gain = 0.000 ; free physical = 1788 ; free virtual = 17705
INFO: [Project 1-111] Unisim Transformation Summary:
No Unisim elements were transformed.

INFO: [Project 1-604] Checkpoint was created with Vivado v2023.2 (64-bit) build 4029153
open_checkpoint: Time (s): cpu = 00:00:08 ; elapsed = 00:00:09 . Memory (MB): peak = 2374.117 ; gain = 888.633 ; free physical = 1788 ; free virtual = 17704

############################################################################
#### Generating bitfile...


############################################################################
#### Optimizing design

Command: opt_design
Attempting to get a license for feature 'Implementation' and/or device 'xc7a35ti'
INFO: [Common 17-349] Got license for feature 'Implementation' and/or device 'xc7a35ti'
Running DRC as a precondition to command opt_design

Starting DRC Task
INFO: [DRC 23-27] Running DRC with 8 threads
INFO: [Project 1-461] DRC finished with 0 Errors
INFO: [Project 1-462] Please refer to the DRC report (report_drc) for more information.

Time (s): cpu = 00:00:00.59 ; elapsed = 00:00:00.36 . Memory (MB): peak = 2458.895 ; gain = 84.777 ; free physical = 1749 ; free virtual = 17665

Starting Cache Timing Information Task
INFO: [Timing 38-35] Done setting XDC timing constraints.
Ending Cache Timing Information Task | Checksum: 18dfb6b57

Time (s): cpu = 00:00:00.04 ; elapsed = 00:00:00.03 . Memory (MB): peak = 2519.707 ; gain = 60.812 ; free physical = 1697 ; free virtual = 17613

Starting Logic Optimization Task

Phase 1 Initialization

Phase 1.1 Core Generation And Design Setup
Phase 1.1 Core Generation And Design Setup | Checksum: 18dfb6b57

Time (s): cpu = 00:00:00 ; elapsed = 00:00:00.01 . Memory (MB): peak = 2817.574 ; gain = 0.000 ; free physical = 1356 ; free virtual = 17266

Phase 1.2 Setup Constraints And Sort Netlist
Phase 1.2 Setup Constraints And Sort Netlist | Checksum: 18dfb6b57

Time (s): cpu = 00:00:00 ; elapsed = 00:00:00.01 . Memory (MB): peak = 2817.574 ; gain = 0.000 ; free physical = 1356 ; free virtual = 17266
Phase 1 Initialization | Checksum: 18dfb6b57

Time (s): cpu = 00:00:00 ; elapsed = 00:00:00.01 . Memory (MB): peak = 2817.574 ; gain = 0.000 ; free physical = 1356 ; free virtual = 17266

Phase 2 Timer Update And Timing Data Collection

Phase 2.1 Timer Update
Phase 2.1 Timer Update | Checksum: 18dfb6b57

Time (s): cpu = 00:00:00.02 ; elapsed = 00:00:00.02 . Memory (MB): peak = 2817.574 ; gain = 0.000 ; free physical = 1356 ; free virtual = 17265

Phase 2.2 Timing Data Collection
Phase 2.2 Timing Data Collection | Checksum: 18dfb6b57

Time (s): cpu = 00:00:00.02 ; elapsed = 00:00:00.02 . Memory (MB): peak = 2817.574 ; gain = 0.000 ; free physical = 1356 ; free virtual = 17265
Phase 2 Timer Update And Timing Data Collection | Checksum: 18dfb6b57

Time (s): cpu = 00:00:00.02 ; elapsed = 00:00:00.02 . Memory (MB): peak = 2817.574 ; gain = 0.000 ; free physical = 1356 ; free virtual = 17265

Phase 3 Retarget
INFO: [Opt 31-1566] Pulled 1 inverters resulting in an inversion of 4 pins
INFO: [Opt 31-138] Pushed 0 inverter(s) to 0 load pin(s).
INFO: [Opt 31-49] Retargeted 0 cell(s).
Phase 3 Retarget | Checksum: 10e527509

Time (s): cpu = 00:00:00.08 ; elapsed = 00:00:00.04 . Memory (MB): peak = 2873.602 ; gain = 56.027 ; free physical = 1355 ; free virtual = 17264
Retarget | Checksum: 10e527509
INFO: [Opt 31-389] Phase Retarget created 0 cells and removed 1 cells

Phase 4 Constant propagation
INFO: [Opt 31-138] Pushed 0 inverter(s) to 0 load pin(s).
Phase 4 Constant propagation | Checksum: 148ec3575

Time (s): cpu = 00:00:00.13 ; elapsed = 00:00:00.05 . Memory (MB): peak = 2873.602 ; gain = 56.027 ; free physical = 1354 ; free virtual = 17264
Constant propagation | Checksum: 148ec3575
INFO: [Opt 31-389] Phase Constant propagation created 0 cells and removed 0 cells

Phase 5 Sweep
Phase 5 Sweep | Checksum: 176938046

Time (s): cpu = 00:00:00.13 ; elapsed = 00:00:00.06 . Memory (MB): peak = 2873.602 ; gain = 56.027 ; free physical = 1354 ; free virtual = 17264
Sweep | Checksum: 176938046
INFO: [Opt 31-389] Phase Sweep created 0 cells and removed 0 cells

Phase 6 BUFG optimization
Phase 6 BUFG optimization | Checksum: 176938046

Time (s): cpu = 00:00:00.14 ; elapsed = 00:00:00.06 . Memory (MB): peak = 2905.617 ; gain = 88.043 ; free physical = 1354 ; free virtual = 17263
BUFG optimization | Checksum: 176938046
INFO: [Opt 31-662] Phase BUFG optimization created 0 cells of which 0 are BUFGs and removed 0 cells.

Phase 7 Shift Register Optimization
INFO: [Opt 31-1064] SRL Remap converted 0 SRLs to 0 registers and converted 0 registers of register chains to 0 SRLs
Phase 7 Shift Register Optimization | Checksum: 176938046

Time (s): cpu = 00:00:00.14 ; elapsed = 00:00:00.07 . Memory (MB): peak = 2905.617 ; gain = 88.043 ; free physical = 1354 ; free virtual = 17263
Shift Register Optimization | Checksum: 176938046
INFO: [Opt 31-389] Phase Shift Register Optimization created 0 cells and removed 0 cells

Phase 8 Post Processing Netlist
Phase 8 Post Processing Netlist | Checksum: 176938046

Time (s): cpu = 00:00:00.14 ; elapsed = 00:00:00.07 . Memory (MB): peak = 2905.617 ; gain = 88.043 ; free physical = 1354 ; free virtual = 17263
Post Processing Netlist | Checksum: 176938046
INFO: [Opt 31-389] Phase Post Processing Netlist created 0 cells and removed 0 cells

Phase 9 Finalization

Phase 9.1 Finalizing Design Cores and Updating Shapes
Phase 9.1 Finalizing Design Cores and Updating Shapes | Checksum: 15edb6013

Time (s): cpu = 00:00:00.15 ; elapsed = 00:00:00.08 . Memory (MB): peak = 2905.617 ; gain = 88.043 ; free physical = 1358 ; free virtual = 17268

Phase 9.2 Verifying Netlist Connectivity

Starting Connectivity Check Task

Time (s): cpu = 00:00:00 ; elapsed = 00:00:00 . Memory (MB): peak = 2905.617 ; gain = 0.000 ; free physical = 1358 ; free virtual = 17268
Phase 9.2 Verifying Netlist Connectivity | Checksum: 15edb6013

Time (s): cpu = 00:00:00.15 ; elapsed = 00:00:00.08 . Memory (MB): peak = 2905.617 ; gain = 88.043 ; free physical = 1358 ; free virtual = 17268
Phase 9 Finalization | Checksum: 15edb6013

Time (s): cpu = 00:00:00.15 ; elapsed = 00:00:00.08 . Memory (MB): peak = 2905.617 ; gain = 88.043 ; free physical = 1358 ; free virtual = 17268
Opt_design Change Summary
=========================


-------------------------------------------------------------------------------------------------------------------------
|  Phase                        |  #Cells created  |  #Cells Removed  |  #Constrained objects preventing optimizations  |
-------------------------------------------------------------------------------------------------------------------------
|  Retarget                     |               0  |               1  |                                              0  |
|  Constant propagation         |               0  |               0  |                                              0  |
|  Sweep                        |               0  |               0  |                                              0  |
|  BUFG optimization            |               0  |               0  |                                              0  |
|  Shift Register Optimization  |               0  |               0  |                                              0  |
|  Post Processing Netlist      |               0  |               0  |                                              0  |
-------------------------------------------------------------------------------------------------------------------------


Ending Logic Optimization Task | Checksum: 15edb6013

Time (s): cpu = 00:00:00.15 ; elapsed = 00:00:00.08 . Memory (MB): peak = 2905.617 ; gain = 88.043 ; free physical = 1358 ; free virtual = 17268
INFO: [Constraints 18-11670] Building netlist checker database with flags, 0x8
Done building netlist checker database: Time (s): cpu = 00:00:00 ; elapsed = 00:00:00 . Memory (MB): peak = 2905.617 ; gain = 0.000 ; free physical = 1358 ; free virtual = 17268

Starting Power Optimization Task
INFO: [Pwropt 34-132] Skipping clock gating for clocks with a period < 2.00 ns.
INFO: [Timing 38-35] Done setting XDC timing constraints.
Running Vector-less Activity Propagation...

Finished Running Vector-less Activity Propagation
INFO: [Pwropt 34-9] Applying IDT optimizations ...
INFO: [Pwropt 34-10] Applying ODC optimizations ...


Starting PowerOpt Patch Enables Task
INFO: [Pwropt 34-162] WRITE_MODE attribute of 0 BRAM(s) out of a total of 18 has been updated to save power. Run report_power_opt to get a complete listing of the BRAMs updated.
INFO: [Pwropt 34-201] Structural ODC has moved 0 WE to EN ports
Number of BRAM Ports augmented: 0 newly gated: 0 Total Ports: 36
Ending PowerOpt Patch Enables Task | Checksum: 15edb6013

Time (s): cpu = 00:00:00.02 ; elapsed = 00:00:00.03 . Memory (MB): peak = 3162.562 ; gain = 0.000 ; free physical = 1731 ; free virtual = 17197
Ending Power Optimization Task | Checksum: 15edb6013

Time (s): cpu = 00:00:00.85 ; elapsed = 00:00:00.56 . Memory (MB): peak = 3162.562 ; gain = 256.945 ; free physical = 1731 ; free virtual = 17197

Starting Final Cleanup Task
Ending Final Cleanup Task | Checksum: 15edb6013

Time (s): cpu = 00:00:00 ; elapsed = 00:00:00 . Memory (MB): peak = 3162.562 ; gain = 0.000 ; free physical = 1731 ; free virtual = 17197

Starting Netlist Obfuscation Task
Netlist sorting complete. Time (s): cpu = 00:00:00 ; elapsed = 00:00:00 . Memory (MB): peak = 3162.562 ; gain = 0.000 ; free physical = 1731 ; free virtual = 17197
Ending Netlist Obfuscation Task | Checksum: 15edb6013

Time (s): cpu = 00:00:00 ; elapsed = 00:00:00 . Memory (MB): peak = 3162.562 ; gain = 0.000 ; free physical = 1731 ; free virtual = 17197
INFO: [Common 17-83] Releasing license: Implementation
36 Infos, 0 Warnings, 0 Critical Warnings and 0 Errors encountered.
opt_design completed successfully

############################################################################
#### Place design

Command: place_design
Attempting to get a license for feature 'Implementation' and/or device 'xc7a35ti'
INFO: [Common 17-349] Got license for feature 'Implementation' and/or device 'xc7a35ti'
INFO: [Common 17-83] Releasing license: Implementation
INFO: [DRC 23-27] Running DRC with 8 threads
INFO: [Vivado_Tcl 4-198] DRC finished with 0 Errors
INFO: [Vivado_Tcl 4-199] Please refer to the DRC report (report_drc) for more information.
Running DRC as a precondition to command place_design
INFO: [DRC 23-27] Running DRC with 8 threads
INFO: [Vivado_Tcl 4-198] DRC finished with 0 Errors
INFO: [Vivado_Tcl 4-199] Please refer to the DRC report (report_drc) for more information.
INFO: [Place 30-611] Multithreading enabled for place_design using a maximum of 8 CPUs

Starting Placer Task

Phase 1 Placer Initialization

Phase 1.1 Placer Initialization Netlist Sorting
Netlist sorting complete. Time (s): cpu = 00:00:00 ; elapsed = 00:00:00 . Memory (MB): peak = 3162.562 ; gain = 0.000 ; free physical = 1774 ; free virtual = 17241
Phase 1.1 Placer Initialization Netlist Sorting | Checksum: bdb85752

Time (s): cpu = 00:00:00 ; elapsed = 00:00:00 . Memory (MB): peak = 3162.562 ; gain = 0.000 ; free physical = 1774 ; free virtual = 17241
Netlist sorting complete. Time (s): cpu = 00:00:00 ; elapsed = 00:00:00 . Memory (MB): peak = 3162.562 ; gain = 0.000 ; free physical = 1774 ; free virtual = 17241

Phase 1.2 IO Placement/ Clock Placement/ Build Placer Device
INFO: [Timing 38-35] Done setting XDC timing constraints.
Phase 1.2 IO Placement/ Clock Placement/ Build Placer Device | Checksum: 141bf96d9

Time (s): cpu = 00:00:00.32 ; elapsed = 00:00:00.09 . Memory (MB): peak = 3162.562 ; gain = 0.000 ; free physical = 1752 ; free virtual = 17219

Phase 1.3 Build Placer Netlist Model
Phase 1.3 Build Placer Netlist Model | Checksum: 1bc802f43

Time (s): cpu = 00:00:00.59 ; elapsed = 00:00:00.16 . Memory (MB): peak = 3162.562 ; gain = 0.000 ; free physical = 1738 ; free virtual = 17205

Phase 1.4 Constrain Clocks/Macros
Phase 1.4 Constrain Clocks/Macros | Checksum: 1bc802f43

Time (s): cpu = 00:00:00.59 ; elapsed = 00:00:00.17 . Memory (MB): peak = 3162.562 ; gain = 0.000 ; free physical = 1738 ; free virtual = 17205
Phase 1 Placer Initialization | Checksum: 1bc802f43

Time (s): cpu = 00:00:00.59 ; elapsed = 00:00:00.17 . Memory (MB): peak = 3162.562 ; gain = 0.000 ; free physical = 1737 ; free virtual = 17204

Phase 2 Global Placement

Phase 2.1 Floorplanning
Phase 2.1 Floorplanning | Checksum: 1fb8e54f3

Time (s): cpu = 00:00:00.76 ; elapsed = 00:00:00.21 . Memory (MB): peak = 3162.562 ; gain = 0.000 ; free physical = 1710 ; free virtual = 17177

Phase 2.2 Update Timing before SLR Path Opt
Phase 2.2 Update Timing before SLR Path Opt | Checksum: 20af714ef

Time (s): cpu = 00:00:00.88 ; elapsed = 00:00:00.23 . Memory (MB): peak = 3162.562 ; gain = 0.000 ; free physical = 1720 ; free virtual = 17187

Phase 2.3 Post-Processing in Floorplanning
Phase 2.3 Post-Processing in Floorplanning | Checksum: 20af714ef

Time (s): cpu = 00:00:00.9 ; elapsed = 00:00:00.24 . Memory (MB): peak = 3162.562 ; gain = 0.000 ; free physical = 1720 ; free virtual = 17187

Phase 2.4 Global Placement Core

Phase 2.4.1 UpdateTiming Before Physical Synthesis
Phase 2.4.1 UpdateTiming Before Physical Synthesis | Checksum: 1a7e4f37d

Time (s): cpu = 00:00:03 ; elapsed = 00:00:00.65 . Memory (MB): peak = 3162.562 ; gain = 0.000 ; free physical = 1709 ; free virtual = 17176

Phase 2.4.2 Physical Synthesis In Placer
INFO: [Physopt 32-1035] Found 0 LUTNM shape to break, 51 LUT instances to create LUTNM shape
INFO: [Physopt 32-1044] Break lutnm for timing: one critical 0, two critical 0, total 0, new lutff created 0
INFO: [Physopt 32-1138] End 1 Pass. Optimized 20 nets or LUTs. Breaked 0 LUT, combined 20 existing LUTs and moved 0 existing LUT
INFO: [Physopt 32-65] No nets found for high-fanout optimization.
INFO: [Physopt 32-232] Optimized 0 net. Created 0 new instance.
INFO: [Physopt 32-775] End 1 Pass. Optimized 0 net or cell. Created 0 new cell, deleted 0 existing cell and moved 0 existing cell
INFO: [Physopt 32-670] No setup violation found.  DSP Register Optimization was not performed.
INFO: [Physopt 32-670] No setup violation found.  Shift Register to Pipeline Optimization was not performed.
INFO: [Physopt 32-670] No setup violation found.  Shift Register Optimization was not performed.
INFO: [Physopt 32-670] No setup violation found.  BRAM Register Optimization was not performed.
INFO: [Physopt 32-670] No setup violation found.  URAM Register Optimization was not performed.
INFO: [Physopt 32-949] No candidate nets found for dynamic/static region interface net replication
INFO: [Physopt 32-775] End 1 Pass. Optimized 0 net or cell. Created 0 new cell, deleted 0 existing cell and moved 0 existing cell
Netlist sorting complete. Time (s): cpu = 00:00:00 ; elapsed = 00:00:00 . Memory (MB): peak = 3162.562 ; gain = 0.000 ; free physical = 1710 ; free virtual = 17177

Summary of Physical Synthesis Optimizations
============================================


-----------------------------------------------------------------------------------------------------------------------------------------------------------
|  Optimization                                     |  Added Cells  |  Removed Cells  |  Optimized Cells/Nets  |  Dont Touch  |  Iterations  |  Elapsed   |
-----------------------------------------------------------------------------------------------------------------------------------------------------------
|  LUT Combining                                    |            0  |             20  |                    20  |           0  |           1  |  00:00:00  |
|  Retime                                           |            0  |              0  |                     0  |           0  |           1  |  00:00:00  |
|  Very High Fanout                                 |            0  |              0  |                     0  |           0  |           1  |  00:00:00  |
|  DSP Register                                     |            0  |              0  |                     0  |           0  |           0  |  00:00:00  |
|  Shift Register to Pipeline                       |            0  |              0  |                     0  |           0  |           0  |  00:00:00  |
|  Shift Register                                   |            0  |              0  |                     0  |           0  |           0  |  00:00:00  |
|  BRAM Register                                    |            0  |              0  |                     0  |           0  |           0  |  00:00:00  |
|  URAM Register                                    |            0  |              0  |                     0  |           0  |           0  |  00:00:00  |
|  Dynamic/Static Region Interface Net Replication  |            0  |              0  |                     0  |           0  |           1  |  00:00:00  |
|  Total                                            |            0  |             20  |                    20  |           0  |           4  |  00:00:00  |
-----------------------------------------------------------------------------------------------------------------------------------------------------------


Phase 2.4.2 Physical Synthesis In Placer | Checksum: 12d3a3355

Time (s): cpu = 00:00:03 ; elapsed = 00:00:00.86 . Memory (MB): peak = 3162.562 ; gain = 0.000 ; free physical = 1710 ; free virtual = 17177
Phase 2.4 Global Placement Core | Checksum: 1a8d10002

Time (s): cpu = 00:00:03 ; elapsed = 00:00:00.91 . Memory (MB): peak = 3162.562 ; gain = 0.000 ; free physical = 1710 ; free virtual = 17177
Phase 2 Global Placement | Checksum: 1a8d10002

Time (s): cpu = 00:00:03 ; elapsed = 00:00:00.91 . Memory (MB): peak = 3162.562 ; gain = 0.000 ; free physical = 1710 ; free virtual = 17177

Phase 3 Detail Placement

Phase 3.1 Commit Multi Column Macros
Phase 3.1 Commit Multi Column Macros | Checksum: 18a80efa7

Time (s): cpu = 00:00:03 ; elapsed = 00:00:00.93 . Memory (MB): peak = 3162.562 ; gain = 0.000 ; free physical = 1711 ; free virtual = 17178

Phase 3.2 Commit Most Macros & LUTRAMs
Phase 3.2 Commit Most Macros & LUTRAMs | Checksum: 13a8eb6c7

Time (s): cpu = 00:00:04 ; elapsed = 00:00:00.97 . Memory (MB): peak = 3162.562 ; gain = 0.000 ; free physical = 1711 ; free virtual = 17178

Phase 3.3 Area Swap Optimization
Phase 3.3 Area Swap Optimization | Checksum: 1855fc783

Time (s): cpu = 00:00:04 ; elapsed = 00:00:00.98 . Memory (MB): peak = 3162.562 ; gain = 0.000 ; free physical = 1711 ; free virtual = 17178

Phase 3.4 Pipeline Register Optimization
Phase 3.4 Pipeline Register Optimization | Checksum: 12a527f03

Time (s): cpu = 00:00:04 ; elapsed = 00:00:00.98 . Memory (MB): peak = 3162.562 ; gain = 0.000 ; free physical = 1711 ; free virtual = 17178

Phase 3.5 Small Shape Detail Placement
Phase 3.5 Small Shape Detail Placement | Checksum: 141bab703

Time (s): cpu = 00:00:04 ; elapsed = 00:00:01 . Memory (MB): peak = 3162.562 ; gain = 0.000 ; free physical = 1710 ; free virtual = 17177

Phase 3.6 Re-assign LUT pins
Phase 3.6 Re-assign LUT pins | Checksum: 14cef6477

Time (s): cpu = 00:00:04 ; elapsed = 00:00:01 . Memory (MB): peak = 3162.562 ; gain = 0.000 ; free physical = 1710 ; free virtual = 17177

Phase 3.7 Pipeline Register Optimization
Phase 3.7 Pipeline Register Optimization | Checksum: 1a31555a3

Time (s): cpu = 00:00:04 ; elapsed = 00:00:01 . Memory (MB): peak = 3162.562 ; gain = 0.000 ; free physical = 1709 ; free virtual = 17176
Phase 3 Detail Placement | Checksum: 1a31555a3

Time (s): cpu = 00:00:04 ; elapsed = 00:00:01 . Memory (MB): peak = 3162.562 ; gain = 0.000 ; free physical = 1709 ; free virtual = 17176

Phase 4 Post Placement Optimization and Clean-Up

Phase 4.1 Post Commit Optimization
INFO: [Timing 38-35] Done setting XDC timing constraints.

Phase 4.1.1 Post Placement Optimization
Post Placement Optimization Initialization | Checksum: 5263908e

Phase 4.1.1.1 BUFG Insertion

Starting Physical Synthesis Task

Phase 1 Physical Synthesis Initialization
INFO: [Physopt 32-721] Multithreading enabled for phys_opt_design using a maximum of 8 CPUs
INFO: [Physopt 32-619] Estimated Timing Summary | WNS=-0.090 | TNS=-0.195 |
Phase 1 Physical Synthesis Initialization | Checksum: e007dce7

Time (s): cpu = 00:00:00.09 ; elapsed = 00:00:00.02 . Memory (MB): peak = 3162.562 ; gain = 0.000 ; free physical = 1703 ; free virtual = 17169
INFO: [Place 46-56] BUFG insertion identified 0 candidate nets. Inserted BUFG: 0, Replicated BUFG Driver: 0, Skipped due to Placement/Routing Conflicts: 0, Skipped due to Timing Degradation: 0, Skipped due to netlist editing failed: 0.
Ending Physical Synthesis Task | Checksum: e007dce7

Time (s): cpu = 00:00:00.09 ; elapsed = 00:00:00.03 . Memory (MB): peak = 3162.562 ; gain = 0.000 ; free physical = 1703 ; free virtual = 17169
Phase 4.1.1.1 BUFG Insertion | Checksum: 5263908e

Time (s): cpu = 00:00:04 ; elapsed = 00:00:01 . Memory (MB): peak = 3162.562 ; gain = 0.000 ; free physical = 1703 ; free virtual = 17169

Phase 4.1.1.2 Post Placement Timing Optimization
INFO: [Place 30-746] Post Placement Timing Summary WNS=0.554. For the most accurate timing information please run report_timing.
Phase 4.1.1.2 Post Placement Timing Optimization | Checksum: 10bd4f649

Time (s): cpu = 00:00:05 ; elapsed = 00:00:02 . Memory (MB): peak = 3162.562 ; gain = 0.000 ; free physical = 1698 ; free virtual = 17164

Time (s): cpu = 00:00:05 ; elapsed = 00:00:02 . Memory (MB): peak = 3162.562 ; gain = 0.000 ; free physical = 1698 ; free virtual = 17164
Phase 4.1 Post Commit Optimization | Checksum: 10bd4f649

Time (s): cpu = 00:00:05 ; elapsed = 00:00:02 . Memory (MB): peak = 3162.562 ; gain = 0.000 ; free physical = 1698 ; free virtual = 17164

Phase 4.2 Post Placement Cleanup
Phase 4.2 Post Placement Cleanup | Checksum: 10bd4f649

Time (s): cpu = 00:00:05 ; elapsed = 00:00:02 . Memory (MB): peak = 3162.562 ; gain = 0.000 ; free physical = 1698 ; free virtual = 17164

Phase 4.3 Placer Reporting

Phase 4.3.1 Print Estimated Congestion
INFO: [Place 30-612] Post-Placement Estimated Congestion 
 ____________________________________________________
|           | Global Congestion | Short Congestion  |
| Direction | Region Size       | Region Size       |
|___________|___________________|___________________|
|      North|                1x1|                1x1|
|___________|___________________|___________________|
|      South|                1x1|                1x1|
|___________|___________________|___________________|
|       East|                1x1|                1x1|
|___________|___________________|___________________|
|       West|                1x1|                1x1|
|___________|___________________|___________________|

Phase 4.3.1 Print Estimated Congestion | Checksum: 10bd4f649

Time (s): cpu = 00:00:05 ; elapsed = 00:00:02 . Memory (MB): peak = 3162.562 ; gain = 0.000 ; free physical = 1698 ; free virtual = 17164
Phase 4.3 Placer Reporting | Checksum: 10bd4f649

Time (s): cpu = 00:00:05 ; elapsed = 00:00:02 . Memory (MB): peak = 3162.562 ; gain = 0.000 ; free physical = 1698 ; free virtual = 17164

Phase 4.4 Final Placement Cleanup
Netlist sorting complete. Time (s): cpu = 00:00:00 ; elapsed = 00:00:00 . Memory (MB): peak = 3162.562 ; gain = 0.000 ; free physical = 1698 ; free virtual = 17164

Time (s): cpu = 00:00:05 ; elapsed = 00:00:02 . Memory (MB): peak = 3162.562 ; gain = 0.000 ; free physical = 1698 ; free virtual = 17164
Phase 4 Post Placement Optimization and Clean-Up | Checksum: 1688d53c8

Time (s): cpu = 00:00:05 ; elapsed = 00:00:02 . Memory (MB): peak = 3162.562 ; gain = 0.000 ; free physical = 1698 ; free virtual = 17164
Ending Placer Task | Checksum: bfb9db2e

Time (s): cpu = 00:00:05 ; elapsed = 00:00:02 . Memory (MB): peak = 3162.562 ; gain = 0.000 ; free physical = 1697 ; free virtual = 17164
65 Infos, 0 Warnings, 0 Critical Warnings and 0 Errors encountered.
place_design completed successfully

############################################################################
#### Physical optimization

Command: phys_opt_design
Attempting to get a license for feature 'Implementation' and/or device 'xc7a35ti'
INFO: [Common 17-349] Got license for feature 'Implementation' and/or device 'xc7a35ti'

Starting Initial Update Timing Task

Time (s): cpu = 00:00:00.1 ; elapsed = 00:00:00.06 . Memory (MB): peak = 3162.562 ; gain = 0.000 ; free physical = 1687 ; free virtual = 17153
INFO: [Vivado_Tcl 4-383] Design worst setup slack (WNS) is greater than or equal to 0.000 ns. Skipping all physical synthesis optimizations.
INFO: [Vivado_Tcl 4-232] No setup violation found. The netlist was not modified.
INFO: [Common 17-83] Releasing license: Implementation
69 Infos, 0 Warnings, 0 Critical Warnings and 0 Errors encountered.
phys_opt_design completed successfully

############################################################################
#### Route design

Command: route_design
Attempting to get a license for feature 'Implementation' and/or device 'xc7a35ti'
INFO: [Common 17-349] Got license for feature 'Implementation' and/or device 'xc7a35ti'
Running DRC as a precondition to command route_design
INFO: [DRC 23-27] Running DRC with 8 threads
INFO: [Vivado_Tcl 4-198] DRC finished with 0 Errors
INFO: [Vivado_Tcl 4-199] Please refer to the DRC report (report_drc) for more information.


Starting Routing Task
INFO: [Route 35-254] Multithreading enabled for route_design using a maximum of 8 CPUs

Phase 1 Build RT Design
Checksum: PlaceDB: 33e198cb ConstDB: 0 ShapeSum: 8bd84263 RouteDB: 0
Post Restoration Checksum: NetGraph: 37cb98c6 | NumContArr: a6c086d6 | Constraints: c2a8fa9d | Timing: c2a8fa9d
Phase 1 Build RT Design | Checksum: 263de14d6

Time (s): cpu = 00:00:08 ; elapsed = 00:00:07 . Memory (MB): peak = 3165.629 ; gain = 0.000 ; free physical = 1444 ; free virtual = 16963

Phase 2 Router Initialization

Phase 2.1 Fix Topology Constraints
Phase 2.1 Fix Topology Constraints | Checksum: 263de14d6

Time (s): cpu = 00:00:08 ; elapsed = 00:00:07 . Memory (MB): peak = 3165.629 ; gain = 0.000 ; free physical = 1443 ; free virtual = 16963

Phase 2.2 Pre Route Cleanup
Phase 2.2 Pre Route Cleanup | Checksum: 263de14d6

Time (s): cpu = 00:00:08 ; elapsed = 00:00:07 . Memory (MB): peak = 3165.629 ; gain = 0.000 ; free physical = 1443 ; free virtual = 16963
 Number of Nodes with overlaps = 0

Phase 2.3 Update Timing
Phase 2.3 Update Timing | Checksum: 229513684

Time (s): cpu = 00:00:08 ; elapsed = 00:00:07 . Memory (MB): peak = 3165.629 ; gain = 0.000 ; free physical = 1441 ; free virtual = 16963
INFO: [Route 35-416] Intermediate Timing Summary | WNS=0.587  | TNS=0.000  | WHS=-0.107 | THS=-2.529 |


Router Utilization Summary
  Global Vertical Routing Utilization    = 0 %
  Global Horizontal Routing Utilization  = 0 %
  Routable Net Status*
  *Does not include unroutable nets such as driverless and loadless.
  Run report_route_status for detailed report.
  Number of Failed Nets               = 772
    (Failed Nets is the sum of unrouted and partially routed nets)
  Number of Unrouted Nets             = 772
  Number of Partially Routed Nets     = 0
  Number of Node Overlaps             = 0

Phase 2 Router Initialization | Checksum: 1aebdad80

Time (s): cpu = 00:00:08 ; elapsed = 00:00:07 . Memory (MB): peak = 3165.629 ; gain = 0.000 ; free physical = 1441 ; free virtual = 16964

Phase 3 Initial Routing

Phase 3.1 Global Routing
Phase 3.1 Global Routing | Checksum: 1aebdad80

Time (s): cpu = 00:00:08 ; elapsed = 00:00:07 . Memory (MB): peak = 3165.629 ; gain = 0.000 ; free physical = 1441 ; free virtual = 16964

Phase 3.2 Initial Net Routing
Phase 3.2 Initial Net Routing | Checksum: 2ff7c6899

Time (s): cpu = 00:00:10 ; elapsed = 00:00:07 . Memory (MB): peak = 3212.613 ; gain = 46.984 ; free physical = 1359 ; free virtual = 16885
Phase 3 Initial Routing | Checksum: 2ff7c6899

Time (s): cpu = 00:00:10 ; elapsed = 00:00:07 . Memory (MB): peak = 3212.613 ; gain = 46.984 ; free physical = 1359 ; free virtual = 16885

Phase 4 Rip-up And Reroute

Phase 4.1 Global Iteration 0
 Number of Nodes with overlaps = 272
 Number of Nodes with overlaps = 112
 Number of Nodes with overlaps = 70
 Number of Nodes with overlaps = 49
 Number of Nodes with overlaps = 33
 Number of Nodes with overlaps = 28
 Number of Nodes with overlaps = 15
 Number of Nodes with overlaps = 2
 Number of Nodes with overlaps = 2
 Number of Nodes with overlaps = 1
 Number of Nodes with overlaps = 3
 Number of Nodes with overlaps = 0
INFO: [Route 35-416] Intermediate Timing Summary | WNS=0.706  | TNS=0.000  | WHS=N/A    | THS=N/A    |

Phase 4.1 Global Iteration 0 | Checksum: 2769150a9

Time (s): cpu = 00:00:14 ; elapsed = 00:00:10 . Memory (MB): peak = 3212.613 ; gain = 46.984 ; free physical = 1164 ; free virtual = 16716
Phase 4 Rip-up And Reroute | Checksum: 2769150a9

Time (s): cpu = 00:00:14 ; elapsed = 00:00:10 . Memory (MB): peak = 3212.613 ; gain = 46.984 ; free physical = 1160 ; free virtual = 16712

Phase 5 Delay and Skew Optimization

Phase 5.1 Delay CleanUp

Phase 5.1.1 Update Timing
Phase 5.1.1 Update Timing | Checksum: 207bd25df

Time (s): cpu = 00:00:14 ; elapsed = 00:00:10 . Memory (MB): peak = 3212.613 ; gain = 46.984 ; free physical = 1136 ; free virtual = 16688
INFO: [Route 35-416] Intermediate Timing Summary | WNS=0.799  | TNS=0.000  | WHS=N/A    | THS=N/A    |

Phase 5.1 Delay CleanUp | Checksum: 207bd25df

Time (s): cpu = 00:00:14 ; elapsed = 00:00:10 . Memory (MB): peak = 3212.613 ; gain = 46.984 ; free physical = 1136 ; free virtual = 16688

Phase 5.2 Clock Skew Optimization
Phase 5.2 Clock Skew Optimization | Checksum: 207bd25df

Time (s): cpu = 00:00:14 ; elapsed = 00:00:10 . Memory (MB): peak = 3212.613 ; gain = 46.984 ; free physical = 1136 ; free virtual = 16688
Phase 5 Delay and Skew Optimization | Checksum: 207bd25df

Time (s): cpu = 00:00:14 ; elapsed = 00:00:10 . Memory (MB): peak = 3212.613 ; gain = 46.984 ; free physical = 1134 ; free virtual = 16686

Phase 6 Post Hold Fix

Phase 6.1 Hold Fix Iter

Phase 6.1.1 Update Timing
Phase 6.1.1 Update Timing | Checksum: 1eb33d017

Time (s): cpu = 00:00:14 ; elapsed = 00:00:10 . Memory (MB): peak = 3212.613 ; gain = 46.984 ; free physical = 1104 ; free virtual = 16656
INFO: [Route 35-416] Intermediate Timing Summary | WNS=0.799  | TNS=0.000  | WHS=0.147  | THS=0.000  |

Phase 6.1 Hold Fix Iter | Checksum: 236eed175

Time (s): cpu = 00:00:14 ; elapsed = 00:00:10 . Memory (MB): peak = 3212.613 ; gain = 46.984 ; free physical = 1098 ; free virtual = 16650
Phase 6 Post Hold Fix | Checksum: 236eed175

Time (s): cpu = 00:00:14 ; elapsed = 00:00:10 . Memory (MB): peak = 3212.613 ; gain = 46.984 ; free physical = 1096 ; free virtual = 16648

Phase 7 Route finalize

Router Utilization Summary
  Global Vertical Routing Utilization    = 0.500279 %
  Global Horizontal Routing Utilization  = 0.51874 %
  Routable Net Status*
  *Does not include unroutable nets such as driverless and loadless.
  Run report_route_status for detailed report.
  Number of Failed Nets               = 0
    (Failed Nets is the sum of unrouted and partially routed nets)
  Number of Unrouted Nets             = 0
  Number of Partially Routed Nets     = 0
  Number of Node Overlaps             = 0

Phase 7 Route finalize | Checksum: 236eed175

Time (s): cpu = 00:00:14 ; elapsed = 00:00:10 . Memory (MB): peak = 3212.613 ; gain = 46.984 ; free physical = 1072 ; free virtual = 16624

Phase 8 Verifying routed nets

 Verification completed successfully
Phase 8 Verifying routed nets | Checksum: 236eed175

Time (s): cpu = 00:00:14 ; elapsed = 00:00:10 . Memory (MB): peak = 3212.613 ; gain = 46.984 ; free physical = 1063 ; free virtual = 16615

Phase 9 Depositing Routes
Phase 9 Depositing Routes | Checksum: 15acda3a1

Time (s): cpu = 00:00:14 ; elapsed = 00:00:10 . Memory (MB): peak = 3212.613 ; gain = 46.984 ; free physical = 999 ; free virtual = 16551

Phase 10 Post Router Timing
INFO: [Route 35-57] Estimated Timing Summary | WNS=0.799  | TNS=0.000  | WHS=0.147  | THS=0.000  |

INFO: [Route 35-327] The final timing numbers are based on the router estimated timing analysis. For a complete and accurate timing signoff, please run report_timing_summary.
Phase 10 Post Router Timing | Checksum: 15acda3a1

Time (s): cpu = 00:00:14 ; elapsed = 00:00:10 . Memory (MB): peak = 3212.613 ; gain = 46.984 ; free physical = 994 ; free virtual = 16546
INFO: [Route 35-16] Router Completed Successfully

Phase 11 Post-Route Event Processing
Phase 11 Post-Route Event Processing | Checksum: 2327285af

Time (s): cpu = 00:00:14 ; elapsed = 00:00:10 . Memory (MB): peak = 3212.613 ; gain = 46.984 ; free physical = 987 ; free virtual = 16539
Ending Routing Task | Checksum: 2327285af

Time (s): cpu = 00:00:14 ; elapsed = 00:00:10 . Memory (MB): peak = 3212.613 ; gain = 46.984 ; free physical = 986 ; free virtual = 16538

Routing Is Done.
INFO: [Common 17-83] Releasing license: Implementation
82 Infos, 0 Warnings, 0 Critical Warnings and 0 Errors encountered.
route_design completed successfully
route_design: Time (s): cpu = 00:00:14 ; elapsed = 00:00:11 . Memory (MB): peak = 3212.613 ; gain = 50.051 ; free physical = 983 ; free virtual = 16535

############################################################################
#### Write bitstream

Command: write_bitstream -force uprogCPU.bit
Attempting to get a license for feature 'Implementation' and/or device 'xc7a35ti'
INFO: [Common 17-349] Got license for feature 'Implementation' and/or device 'xc7a35ti'
Running DRC as a precondition to command write_bitstream
INFO: [IP_Flow 19-234] Refreshing IP repositories
INFO: [IP_Flow 19-1704] No user IP repositories specified
INFO: [IP_Flow 19-2313] Loaded Vivado IP repository '/sw/xilinx/2023.2/Vivado/2023.2/data/ip'.
INFO: [DRC 23-27] Running DRC with 8 threads
INFO: [Vivado 12-3199] DRC finished with 0 Errors
INFO: [Vivado 12-3200] Please refer to the DRC report (report_drc) for more information.
INFO: [Designutils 20-2272] Running write_bitstream with 8 threads.
Loading data files...
Loading site data...
Loading route data...
Processing options...
Creating bitmap...
Creating bitstream...
Bitstream compression saved 13908768 bits.
Writing bitstream ./uprogCPU.bit...
INFO: [Vivado 12-1842] Bitgen Completed Successfully.
INFO: [Common 17-83] Releasing license: Implementation
92 Infos, 0 Warnings, 0 Critical Warnings and 0 Errors encountered.
write_bitstream completed successfully
write_bitstream: Time (s): cpu = 00:00:05 ; elapsed = 00:00:14 . Memory (MB): peak = 3455.066 ; gain = 242.453 ; free physical = 907 ; free virtual = 16603

############################################################################
#### Produce timing reports

INFO: [Timing 38-91] UpdateTimingParams: Speed grade: -1L, Delay Type: min_max.
INFO: [Timing 38-191] Multithreading enabled for timing update using a maximum of 8 CPUs
INFO: [Timing 38-91] UpdateTimingParams: Speed grade: -1L, Delay Type: max.
INFO: [Timing 38-191] Multithreading enabled for timing update using a maximum of 8 CPUs
INFO: [Timing 38-78] ReportTimingParams: -max_paths 1 -nworst 5 -delay_type max -sort_by slack.
INFO: [Common 17-206] Exiting Vivado at Tue May 13 11:13:13 2025...
